// Jest Snapshot v1, https://goo.gl/fbAQLP

exports[`Test Profile Component it should match Snapshot 1`] = `
<div
  className="container"
>
  <h1>
    Profile
  </h1>
  <div
    className="row"
  >
    <div
      className="column"
    >
      <img
        className="avatar"
        src="https://upload.wikimedia.org/wikipedia/commons/5/59/That_Poppy_profile_picture.jpg"
      />
    </div>
    <div
      className="two-columns"
    >
      <div
        className="row"
      >
        <div
          className="row"
        >
          <div
            className="field title"
          >
            First Name
          </div>
          <div
            className="field value"
          >
            Sally
          </div>
        </div>
        <div
          className="row"
        >
          <div
            className="field title"
          >
            Last Name
          </div>
          <div
            className="field value"
          >
            Wang
          </div>
        </div>
        <div
          className="row"
        >
          <div
            className="field title"
          >
            Phone
          </div>
          <div
            className="field value"
          >
            01-343-989-2345
          </div>
        </div>
        <div
          className="row"
        >
          <div
            className="field title"
          >
            Email
          </div>
          <div
            className="field value"
          >
            sw@nowhere.ic.kp
          </div>
        </div>
        <div
          className="row"
        >
          <div
            className="field title"
          >
            Bio
          </div>
          <div
            className="field value"
          >
            Lorem ipsum dolor sit amet, consectetur adipiscing elit, sed do eiusmod tempor incididunt ut labore et dolore magna aliqua. Ut enim ad minim veniam, quis nostrud exercitation ullamco laboris nisi ut aliquip ex ea commodo consequat. Duis aute irure dolor in reprehenderit in voluptate velit esse cillum dolore eu fugiat nulla pariatur
          </div>
        </div>
      </div>
    </div>
  </div>
</div>
`;
